2026-05-22 11:02:50,365 - Monitorando E:\Pipeline-Report...
2026-05-22 11:05:12,723 - Monitorando E:\Pipeline-Report...
2026-05-22 11:10:05,931 - Monitorando E:\Pipeline-Report...
2026-05-22 11:11:44,365 - Monitorando E:\Pipeline-Report...
2026-05-23 14:00:01,433 - Monitorando E:\Pipeline-Report...
2026-05-25 04:50:45,069 - Rodando parse_and_send.py...
2026-05-25 04:50:47,328 - Concluído.
2026-05-25 09:49:11,041 - Rodando parse_and_send.py...
2026-05-25 09:49:13,342 - Concluído.
2026-05-25 15:25:21,342 - Rodando parse_and_send.py...
2026-05-25 15:25:24,005 - Concluído.
2026-05-25 17:12:20,022 - Rodando parse_and_send.py...
2026-05-25 17:12:21,593 - Concluído.
2026-05-26 04:53:24,107 - Rodando parse_and_send.py...
2026-05-26 04:53:26,020 - Concluído.
2026-05-26 09:26:47,267 - Rodando parse_and_send.py...
2026-05-26 09:26:48,951 - Concluído.
2026-05-26 10:04:46,211 - Rodando parse_and_send.py...
2026-05-26 10:04:48,662 - Concluído.
2026-05-26 12:37:01,234 - Rodando parse_and_send.py...
2026-05-26 12:37:03,284 - Concluído.
2026-05-27 14:00:01,666 - Monitorando E:\Pipeline-Report...
2026-05-27 15:22:12,431 - Rodando parse_and_send.py...
2026-05-27 15:22:14,556 - Concluído.
2026-05-28 04:47:26,748 - Rodando parse_and_send.py...
2026-05-28 04:47:28,776 - Concluído.
2026-05-28 09:22:53,360 - Rodando parse_and_send.py...
2026-05-28 09:22:55,220 - Concluído.
2026-05-28 10:10:24,032 - Rodando parse_and_send.py...
2026-05-28 10:10:25,706 - Concluído.
2026-05-28 12:18:34,477 - Rodando parse_and_send.py...
2026-05-28 12:18:36,207 - Concluído.
2026-05-28 13:17:10,982 - Rodando parse_and_send.py...
2026-05-28 13:17:12,758 - Concluído.
2026-05-29 04:38:56,597 - Rodando parse_and_send.py...
2026-05-29 04:38:58,758 - Concluído.
2026-05-29 05:23:51,069 - Rodando parse_and_send.py...
2026-05-29 05:23:52,584 - Concluído.
2026-05-29 09:21:59,132 - Rodando parse_and_send.py...
2026-05-29 09:22:00,829 - Concluído.
2026-05-29 10:49:42,744 - Rodando parse_and_send.py...
2026-05-29 10:49:44,439 - Concluído.
2026-05-29 13:41:43,471 - Rodando parse_and_send.py...
2026-05-29 13:41:45,393 - Concluído.
2026-05-29 15:23:13,840 - Rodando parse_and_send.py...
2026-05-29 15:23:15,524 - Concluído.
2026-05-31 14:00:01,585 - Monitorando E:\Pipeline-Report...
2026-06-01 04:35:13,722 - Rodando parse_and_send.py...
2026-06-01 04:35:19,400 - Concluído.
2026-06-01 05:23:07,098 - Rodando parse_and_send.py...
2026-06-01 05:23:09,895 - Concluído.
2026-06-01 09:28:23,707 - Rodando parse_and_send.py...
2026-06-01 09:28:25,955 - Concluído.
2026-06-01 10:19:00,178 - Rodando parse_and_send.py...
2026-06-01 10:19:02,182 - Concluído.
2026-06-01 10:40:56,822 - Iniciando processamento diario dos reports...
2026-06-01 10:42:24,780 - Processamento diario concluido com sucesso.
2026-06-01 10:56:32,569 - Rodando parse_and_send.py...
2026-06-01 10:56:41,259 - Concluído.
2026-06-01 11:15:54,622 - Rodando parse_and_send.py...
2026-06-01 11:16:02,958 - Concluído.
2026-06-01 14:04:24,551 - Rodando parse_and_send.py...
2026-06-01 14:04:36,486 - Concluído.
2026-06-01 14:47:43,748 - Rodando parse_and_send.py...
2026-06-01 14:47:54,691 - Concluído.
2026-06-02 04:38:05,930 - Rodando parse_and_send.py...
2026-06-02 04:38:19,556 - Concluído.
2026-06-02 05:23:13,983 - Rodando parse_and_send.py...
2026-06-02 05:23:23,935 - Concluído.
2026-06-02 09:15:43,333 - Rodando parse_and_send.py...
2026-06-02 09:15:54,620 - Concluído.
2026-06-02 09:55:27,089 - Rodando parse_and_send.py...
2026-06-02 09:55:38,055 - Concluído.
2026-06-02 14:20:58,210 - Rodando parse_and_send.py...
2026-06-02 14:21:11,817 - Concluído.
2026-06-03 04:35:14,119 - Rodando parse_and_send.py...
2026-06-03 04:35:29,071 - Concluído.
2026-06-03 05:25:01,637 - Rodando parse_and_send.py...
2026-06-03 05:25:12,051 - Concluído.
2026-06-03 09:29:22,712 - Rodando parse_and_send.py...
2026-06-03 09:29:33,800 - Concluído.
2026-06-03 10:38:54,951 - Rodando parse_and_send.py...
2026-06-03 10:39:08,101 - Concluído.
2026-06-03 13:11:49,184 - Rodando parse_and_send.py...
2026-06-03 13:11:59,948 - Concluído.
2026-06-04 14:00:01,585 - Iniciando processamento diario dos reports...
2026-06-04 14:00:27,935 - Processamento diario concluido com sucesso.
2026-06-05 14:00:01,577 - Iniciando processamento diario dos reports...
2026-06-05 14:00:27,340 - Processamento diario concluido com sucesso.
2026-06-06 14:00:01,518 - Iniciando processamento diario dos reports...
2026-06-06 14:00:15,452 - Processamento diario concluido com sucesso.
2026-06-07 14:00:01,518 - Iniciando processamento diario dos reports...
2026-06-07 14:00:12,895 - Processamento diario concluido com sucesso.
2026-06-08 14:00:01,758 - Iniciando processamento diario dos reports...
2026-06-08 14:00:30,707 - Processamento diario concluido com sucesso.
2026-06-09 14:00:01,632 - Iniciando processamento diario dos reports...
2026-06-09 14:00:33,529 - Processamento diario concluido com sucesso.
2026-06-10 14:00:01,783 - Iniciando processamento diario dos reports...
2026-06-10 14:00:41,606 - Processamento diario concluido com sucesso.
2026-06-11 14:00:01,877 - Iniciando processamento diario dos reports...
2026-06-11 14:00:41,025 - Processamento diario concluido com sucesso.
2026-06-12 14:00:01,689 - Iniciando processamento diario dos reports...
2026-06-12 14:00:38,694 - Processamento diario concluido com sucesso.
2026-06-13 14:00:01,639 - Iniciando processamento diario dos reports...
2026-06-13 14:00:22,845 - Processamento diario concluido com sucesso.
2026-06-14 14:00:01,602 - Iniciando processamento diario dos reports...
2026-06-14 14:00:19,463 - Processamento diario concluido com sucesso.
2026-06-15 14:00:01,598 - Iniciando processamento diario dos reports...
2026-06-15 14:00:38,410 - Processamento diario concluido com sucesso.
2026-06-16 14:00:01,842 - Iniciando processamento diario dos reports...
2026-06-16 14:00:32,024 - Processamento diario concluido com sucesso.
2026-06-17 14:00:01,486 - Iniciando processamento diario dos reports...
2026-06-17 14:00:34,786 - Processamento diario concluido com sucesso.
2026-06-18 14:00:01,580 - Iniciando processamento diario dos reports...
2026-06-18 14:00:30,906 - Processamento diario concluido com sucesso.
2026-06-19 14:00:00,889 - Iniciando processamento diario dos reports...
2026-06-19 14:00:17,964 - Processamento diario concluido com sucesso.
2026-06-20 14:00:00,877 - Iniciando processamento diario dos reports...
2026-06-20 14:00:17,185 - Processamento diario concluido com sucesso.
2026-06-21 14:00:00,882 - Iniciando processamento diario dos reports...
2026-06-21 14:00:11,952 - Processamento diario concluido com sucesso.
2026-06-22 14:00:01,240 - Iniciando processamento diario dos reports...
2026-06-22 14:00:40,713 - Processamento diario concluido com sucesso.
2026-06-23 14:00:01,504 - Iniciando processamento diario dos reports...
2026-06-23 14:00:37,688 - Processamento diario concluido com sucesso.
2026-06-24 14:00:01,346 - Iniciando processamento diario dos reports...
2026-06-24 14:00:40,311 - Processamento diario concluido com sucesso.
2026-06-25 14:00:01,359 - Iniciando processamento diario dos reports...
2026-06-25 14:00:44,126 - Processamento diario concluido com sucesso.
2026-06-26 14:00:01,361 - Iniciando processamento diario dos reports...
2026-06-26 14:00:32,487 - Processamento diario concluido com sucesso.
2026-06-27 14:00:01,198 - Iniciando processamento diario dos reports...
2026-06-27 14:00:24,674 - Processamento diario concluido com sucesso.
2026-06-28 14:00:01,201 - Iniciando processamento diario dos reports...
2026-06-28 14:00:17,778 - Processamento diario concluido com sucesso.
